02:04:19 **** Build of configuration Debug for project Submarine_Microcontroller ****
make -j8 all 
arm-none-eabi-gcc "../Drivers/STM32L4xx_HAL_Driver/Src/stm32l4xx_hal.c" -mcpu=cortex-m4 -std=gnu11 -g3 -DDEBUG -DUSE_HAL_DRIVER -DSTM32L4R5xx -c -I../Core/Inc -I../Drivers/STM32L4xx_HAL_Driver/Inc -I../Drivers/STM32L4xx_HAL_Driver/Inc/Legacy -I../Drivers/CMSIS/Device/ST/STM32L4xx/Include -I../Drivers/CMSIS/Include -O0 -ffunction-sections -fdata-sections -Wall -fstack-usage -fcyclomatic-complexity -MMD -MP -MF"Drivers/STM32L4xx_HAL_Driver/Src/stm32l4xx_hal.d" -MT"Drivers/STM32L4xx_HAL_Driver/Src/stm32l4xx_hal.o" --specs=nano.specs -mfpu=fpv4-sp-d16 -mfloat-abi=hard -mthumb -o "Drivers/STM32L4xx_HAL_Driver/Src/stm32l4xx_hal.o"
arm-none-eabi-gcc "../Drivers/STM32L4xx_HAL_Driver/Src/stm32l4xx_hal_adc.c" -mcpu=cortex-m4 -std=gnu11 -g3 -DDEBUG -DUSE_HAL_DRIVER -DSTM32L4R5xx -c -I../Core/Inc -I../Drivers/STM32L4xx_HAL_Driver/Inc -I../Drivers/STM32L4xx_HAL_Driver/Inc/Legacy -I../Drivers/CMSIS/Device/ST/STM32L4xx/Include -I../Drivers/CMSIS/Include -O0 -ffunction-sections -fdata-sections -Wall -fstack-usage -fcyclomatic-complexity -MMD -MP -MF"Drivers/STM32L4xx_HAL_Driver/Src/stm32l4xx_hal_adc.d" -MT"Drivers/STM32L4xx_HAL_Driver/Src/stm32l4xx_hal_adc.o" --specs=nano.specs -mfpu=fpv4-sp-d16 -mfloat-abi=hard -mthumb -o "Drivers/STM32L4xx_HAL_Driver/Src/stm32l4xx_hal_adc.o"
arm-none-eabi-gcc "../Drivers/STM32L4xx_HAL_Driver/Src/stm32l4xx_hal_adc_ex.c" -mcpu=cortex-m4 -std=gnu11 -g3 -DDEBUG -DUSE_HAL_DRIVER -DSTM32L4R5xx -c -I../Core/Inc -I../Drivers/STM32L4xx_HAL_Driver/Inc -I../Drivers/STM32L4xx_HAL_Driver/Inc/Legacy -I../Drivers/CMSIS/Device/ST/STM32L4xx/Include -I../Drivers/CMSIS/Include -O0 -ffunction-sections -fdata-sections -Wall -fstack-usage -fcyclomatic-complexity -MMD -MP -MF"Drivers/STM32L4xx_HAL_Driver/Src/stm32l4xx_hal_adc_ex.d" -MT"Drivers/STM32L4xx_HAL_Driver/Src/stm32l4xx_hal_adc_ex.o" --specs=nano.specs -mfpu=fpv4-sp-d16 -mfloat-abi=hard -mthumb -o "Drivers/STM32L4xx_HAL_Driver/Src/stm32l4xx_hal_adc_ex.o"
arm-none-eabi-gcc "../Drivers/STM32L4xx_HAL_Driver/Src/stm32l4xx_hal_cortex.c" -mcpu=cortex-m4 -std=gnu11 -g3 -DDEBUG -DUSE_HAL_DRIVER -DSTM32L4R5xx -c -I../Core/Inc -I../Drivers/STM32L4xx_HAL_Driver/Inc -I../Drivers/STM32L4xx_HAL_Driver/Inc/Legacy -I../Drivers/CMSIS/Device/ST/STM32L4xx/Include -I../Drivers/CMSIS/Include -O0 -ffunction-sections -fdata-sections -Wall -fstack-usage -fcyclomatic-complexity -MMD -MP -MF"Drivers/STM32L4xx_HAL_Driver/Src/stm32l4xx_hal_cortex.d" -MT"Drivers/STM32L4xx_HAL_Driver/Src/stm32l4xx_hal_cortex.o" --specs=nano.specs -mfpu=fpv4-sp-d16 -mfloat-abi=hard -mthumb -o "Drivers/STM32L4xx_HAL_Driver/Src/stm32l4xx_hal_cortex.o"
arm-none-eabi-gcc "../Drivers/STM32L4xx_HAL_Driver/Src/stm32l4xx_hal_dma.c" -mcpu=cortex-m4 -std=gnu11 -g3 -DDEBUG -DUSE_HAL_DRIVER -DSTM32L4R5xx -c -I../Core/Inc -I../Drivers/STM32L4xx_HAL_Driver/Inc -I../Drivers/STM32L4xx_HAL_Driver/Inc/Legacy -I../Drivers/CMSIS/Device/ST/STM32L4xx/Include -I../Drivers/CMSIS/Include -O0 -ffunction-sections -fdata-sections -Wall -fstack-usage -fcyclomatic-complexity -MMD -MP -MF"Drivers/STM32L4xx_HAL_Driver/Src/stm32l4xx_hal_dma.d" -MT"Drivers/STM32L4xx_HAL_Driver/Src/stm32l4xx_hal_dma.o" --specs=nano.specs -mfpu=fpv4-sp-d16 -mfloat-abi=hard -mthumb -o "Drivers/STM32L4xx_HAL_Driver/Src/stm32l4xx_hal_dma.o"
arm-none-eabi-gcc "../Drivers/STM32L4xx_HAL_Driver/Src/stm32l4xx_hal_dma_ex.c" -mcpu=cortex-m4 -std=gnu11 -g3 -DDEBUG -DUSE_HAL_DRIVER -DSTM32L4R5xx -c -I../Core/Inc -I../Drivers/STM32L4xx_HAL_Driver/Inc -I../Drivers/STM32L4xx_HAL_Driver/Inc/Legacy -I../Drivers/CMSIS/Device/ST/STM32L4xx/Include -I../Drivers/CMSIS/Include -O0 -ffunction-sections -fdata-sections -Wall -fstack-usage -fcyclomatic-complexity -MMD -MP -MF"Drivers/STM32L4xx_HAL_Driver/Src/stm32l4xx_hal_dma_ex.d" -MT"Drivers/STM32L4xx_HAL_Driver/Src/stm32l4xx_hal_dma_ex.o" --specs=nano.specs -mfpu=fpv4-sp-d16 -mfloat-abi=hard -mthumb -o "Drivers/STM32L4xx_HAL_Driver/Src/stm32l4xx_hal_dma_ex.o"
arm-none-eabi-gcc "../Drivers/STM32L4xx_HAL_Driver/Src/stm32l4xx_hal_exti.c" -mcpu=cortex-m4 -std=gnu11 -g3 -DDEBUG -DUSE_HAL_DRIVER -DSTM32L4R5xx -c -I../Core/Inc -I../Drivers/STM32L4xx_HAL_Driver/Inc -I../Drivers/STM32L4xx_HAL_Driver/Inc/Legacy -I../Drivers/CMSIS/Device/ST/STM32L4xx/Include -I../Drivers/CMSIS/Include -O0 -ffunction-sections -fdata-sections -Wall -fstack-usage -fcyclomatic-complexity -MMD -MP -MF"Drivers/STM32L4xx_HAL_Driver/Src/stm32l4xx_hal_exti.d" -MT"Drivers/STM32L4xx_HAL_Driver/Src/stm32l4xx_hal_exti.o" --specs=nano.specs -mfpu=fpv4-sp-d16 -mfloat-abi=hard -mthumb -o "Drivers/STM32L4xx_HAL_Driver/Src/stm32l4xx_hal_exti.o"
arm-none-eabi-gcc "../Drivers/STM32L4xx_HAL_Driver/Src/stm32l4xx_hal_flash.c" -mcpu=cortex-m4 -std=gnu11 -g3 -DDEBUG -DUSE_HAL_DRIVER -DSTM32L4R5xx -c -I../Core/Inc -I../Drivers/STM32L4xx_HAL_Driver/Inc -I../Drivers/STM32L4xx_HAL_Driver/Inc/Legacy -I../Drivers/CMSIS/Device/ST/STM32L4xx/Include -I../Drivers/CMSIS/Include -O0 -ffunction-sections -fdata-sections -Wall -fstack-usage -fcyclomatic-complexity -MMD -MP -MF"Drivers/STM32L4xx_HAL_Driver/Src/stm32l4xx_hal_flash.d" -MT"Drivers/STM32L4xx_HAL_Driver/Src/stm32l4xx_hal_flash.o" --specs=nano.specs -mfpu=fpv4-sp-d16 -mfloat-abi=hard -mthumb -o "Drivers/STM32L4xx_HAL_Driver/Src/stm32l4xx_hal_flash.o"
arm-none-eabi-gcc "../Drivers/STM32L4xx_HAL_Driver/Src/stm32l4xx_hal_flash_ex.c" -mcpu=cortex-m4 -std=gnu11 -g3 -DDEBUG -DUSE_HAL_DRIVER -DSTM32L4R5xx -c -I../Core/Inc -I../Drivers/STM32L4xx_HAL_Driver/Inc -I../Drivers/STM32L4xx_HAL_Driver/Inc/Legacy -I../Drivers/CMSIS/Device/ST/STM32L4xx/Include -I../Drivers/CMSIS/Include -O0 -ffunction-sections -fdata-sections -Wall -fstack-usage -fcyclomatic-complexity -MMD -MP -MF"Drivers/STM32L4xx_HAL_Driver/Src/stm32l4xx_hal_flash_ex.d" -MT"Drivers/STM32L4xx_HAL_Driver/Src/stm32l4xx_hal_flash_ex.o" --specs=nano.specs -mfpu=fpv4-sp-d16 -mfloat-abi=hard -mthumb -o "Drivers/STM32L4xx_HAL_Driver/Src/stm32l4xx_hal_flash_ex.o"
arm-none-eabi-gcc "../Drivers/STM32L4xx_HAL_Driver/Src/stm32l4xx_hal_flash_ramfunc.c" -mcpu=cortex-m4 -std=gnu11 -g3 -DDEBUG -DUSE_HAL_DRIVER -DSTM32L4R5xx -c -I../Core/Inc -I../Drivers/STM32L4xx_HAL_Driver/Inc -I../Drivers/STM32L4xx_HAL_Driver/Inc/Legacy -I../Drivers/CMSIS/Device/ST/STM32L4xx/Include -I../Drivers/CMSIS/Include -O0 -ffunction-sections -fdata-sections -Wall -fstack-usage -fcyclomatic-complexity -MMD -MP -MF"Drivers/STM32L4xx_HAL_Driver/Src/stm32l4xx_hal_flash_ramfunc.d" -MT"Drivers/STM32L4xx_HAL_Driver/Src/stm32l4xx_hal_flash_ramfunc.o" --specs=nano.specs -mfpu=fpv4-sp-d16 -mfloat-abi=hard -mthumb -o "Drivers/STM32L4xx_HAL_Driver/Src/stm32l4xx_hal_flash_ramfunc.o"
arm-none-eabi-gcc "../Drivers/STM32L4xx_HAL_Driver/Src/stm32l4xx_hal_gpio.c" -mcpu=cortex-m4 -std=gnu11 -g3 -DDEBUG -DUSE_HAL_DRIVER -DSTM32L4R5xx -c -I../Core/Inc -I../Drivers/STM32L4xx_HAL_Driver/Inc -I../Drivers/STM32L4xx_HAL_Driver/Inc/Legacy -I../Drivers/CMSIS/Device/ST/STM32L4xx/Include -I../Drivers/CMSIS/Include -O0 -ffunction-sections -fdata-sections -Wall -fstack-usage -fcyclomatic-complexity -MMD -MP -MF"Drivers/STM32L4xx_HAL_Driver/Src/stm32l4xx_hal_gpio.d" -MT"Drivers/STM32L4xx_HAL_Driver/Src/stm32l4xx_hal_gpio.o" --specs=nano.specs -mfpu=fpv4-sp-d16 -mfloat-abi=hard -mthumb -o "Drivers/STM32L4xx_HAL_Driver/Src/stm32l4xx_hal_gpio.o"
arm-none-eabi-gcc "../Drivers/STM32L4xx_HAL_Driver/Src/stm32l4xx_hal_i2c.c" -mcpu=cortex-m4 -std=gnu11 -g3 -DDEBUG -DUSE_HAL_DRIVER -DSTM32L4R5xx -c -I../Core/Inc -I../Drivers/STM32L4xx_HAL_Driver/Inc -I../Drivers/STM32L4xx_HAL_Driver/Inc/Legacy -I../Drivers/CMSIS/Device/ST/STM32L4xx/Include -I../Drivers/CMSIS/Include -O0 -ffunction-sections -fdata-sections -Wall -fstack-usage -fcyclomatic-complexity -MMD -MP -MF"Drivers/STM32L4xx_HAL_Driver/Src/stm32l4xx_hal_i2c.d" -MT"Drivers/STM32L4xx_HAL_Driver/Src/stm32l4xx_hal_i2c.o" --specs=nano.specs -mfpu=fpv4-sp-d16 -mfloat-abi=hard -mthumb -o "Drivers/STM32L4xx_HAL_Driver/Src/stm32l4xx_hal_i2c.o"
arm-none-eabi-gcc "../Drivers/STM32L4xx_HAL_Driver/Src/stm32l4xx_hal_i2c_ex.c" -mcpu=cortex-m4 -std=gnu11 -g3 -DDEBUG -DUSE_HAL_DRIVER -DSTM32L4R5xx -c -I../Core/Inc -I../Drivers/STM32L4xx_HAL_Driver/Inc -I../Drivers/STM32L4xx_HAL_Driver/Inc/Legacy -I../Drivers/CMSIS/Device/ST/STM32L4xx/Include -I../Drivers/CMSIS/Include -O0 -ffunction-sections -fdata-sections -Wall -fstack-usage -fcyclomatic-complexity -MMD -MP -MF"Drivers/STM32L4xx_HAL_Driver/Src/stm32l4xx_hal_i2c_ex.d" -MT"Drivers/STM32L4xx_HAL_Driver/Src/stm32l4xx_hal_i2c_ex.o" --specs=nano.specs -mfpu=fpv4-sp-d16 -mfloat-abi=hard -mthumb -o "Drivers/STM32L4xx_HAL_Driver/Src/stm32l4xx_hal_i2c_ex.o"
arm-none-eabi-gcc "../Drivers/STM32L4xx_HAL_Driver/Src/stm32l4xx_hal_pcd.c" -mcpu=cortex-m4 -std=gnu11 -g3 -DDEBUG -DUSE_HAL_DRIVER -DSTM32L4R5xx -c -I../Core/Inc -I../Drivers/STM32L4xx_HAL_Driver/Inc -I../Drivers/STM32L4xx_HAL_Driver/Inc/Legacy -I../Drivers/CMSIS/Device/ST/STM32L4xx/Include -I../Drivers/CMSIS/Include -O0 -ffunction-sections -fdata-sections -Wall -fstack-usage -fcyclomatic-complexity -MMD -MP -MF"Drivers/STM32L4xx_HAL_Driver/Src/stm32l4xx_hal_pcd.d" -MT"Drivers/STM32L4xx_HAL_Driver/Src/stm32l4xx_hal_pcd.o" --specs=nano.specs -mfpu=fpv4-sp-d16 -mfloat-abi=hard -mthumb -o "Drivers/STM32L4xx_HAL_Driver/Src/stm32l4xx_hal_pcd.o"
arm-none-eabi-gcc "../Drivers/STM32L4xx_HAL_Driver/Src/stm32l4xx_hal_pcd_ex.c" -mcpu=cortex-m4 -std=gnu11 -g3 -DDEBUG -DUSE_HAL_DRIVER -DSTM32L4R5xx -c -I../Core/Inc -I../Drivers/STM32L4xx_HAL_Driver/Inc -I../Drivers/STM32L4xx_HAL_Driver/Inc/Legacy -I../Drivers/CMSIS/Device/ST/STM32L4xx/Include -I../Drivers/CMSIS/Include -O0 -ffunction-sections -fdata-sections -Wall -fstack-usage -fcyclomatic-complexity -MMD -MP -MF"Drivers/STM32L4xx_HAL_Driver/Src/stm32l4xx_hal_pcd_ex.d" -MT"Drivers/STM32L4xx_HAL_Driver/Src/stm32l4xx_hal_pcd_ex.o" --specs=nano.specs -mfpu=fpv4-sp-d16 -mfloat-abi=hard -mthumb -o "Drivers/STM32L4xx_HAL_Driver/Src/stm32l4xx_hal_pcd_ex.o"
arm-none-eabi-gcc "../Drivers/STM32L4xx_HAL_Driver/Src/stm32l4xx_hal_pwr.c" -mcpu=cortex-m4 -std=gnu11 -g3 -DDEBUG -DUSE_HAL_DRIVER -DSTM32L4R5xx -c -I../Core/Inc -I../Drivers/STM32L4xx_HAL_Driver/Inc -I../Drivers/STM32L4xx_HAL_Driver/Inc/Legacy -I../Drivers/CMSIS/Device/ST/STM32L4xx/Include -I../Drivers/CMSIS/Include -O0 -ffunction-sections -fdata-sections -Wall -fstack-usage -fcyclomatic-complexity -MMD -MP -MF"Drivers/STM32L4xx_HAL_Driver/Src/stm32l4xx_hal_pwr.d" -MT"Drivers/STM32L4xx_HAL_Driver/Src/stm32l4xx_hal_pwr.o" --specs=nano.specs -mfpu=fpv4-sp-d16 -mfloat-abi=hard -mthumb -o "Drivers/STM32L4xx_HAL_Driver/Src/stm32l4xx_hal_pwr.o"
arm-none-eabi-gcc "../Drivers/STM32L4xx_HAL_Driver/Src/stm32l4xx_hal_pwr_ex.c" -mcpu=cortex-m4 -std=gnu11 -g3 -DDEBUG -DUSE_HAL_DRIVER -DSTM32L4R5xx -c -I../Core/Inc -I../Drivers/STM32L4xx_HAL_Driver/Inc -I../Drivers/STM32L4xx_HAL_Driver/Inc/Legacy -I../Drivers/CMSIS/Device/ST/STM32L4xx/Include -I../Drivers/CMSIS/Include -O0 -ffunction-sections -fdata-sections -Wall -fstack-usage -fcyclomatic-complexity -MMD -MP -MF"Drivers/STM32L4xx_HAL_Driver/Src/stm32l4xx_hal_pwr_ex.d" -MT"Drivers/STM32L4xx_HAL_Driver/Src/stm32l4xx_hal_pwr_ex.o" --specs=nano.specs -mfpu=fpv4-sp-d16 -mfloat-abi=hard -mthumb -o "Drivers/STM32L4xx_HAL_Driver/Src/stm32l4xx_hal_pwr_ex.o"
arm-none-eabi-gcc "../Drivers/STM32L4xx_HAL_Driver/Src/stm32l4xx_hal_rcc.c" -mcpu=cortex-m4 -std=gnu11 -g3 -DDEBUG -DUSE_HAL_DRIVER -DSTM32L4R5xx -c -I../Core/Inc -I../Drivers/STM32L4xx_HAL_Driver/Inc -I../Drivers/STM32L4xx_HAL_Driver/Inc/Legacy -I../Drivers/CMSIS/Device/ST/STM32L4xx/Include -I../Drivers/CMSIS/Include -O0 -ffunction-sections -fdata-sections -Wall -fstack-usage -fcyclomatic-complexity -MMD -MP -MF"Drivers/STM32L4xx_HAL_Driver/Src/stm32l4xx_hal_rcc.d" -MT"Drivers/STM32L4xx_HAL_Driver/Src/stm32l4xx_hal_rcc.o" --specs=nano.specs -mfpu=fpv4-sp-d16 -mfloat-abi=hard -mthumb -o "Drivers/STM32L4xx_HAL_Driver/Src/stm32l4xx_hal_rcc.o"
arm-none-eabi-gcc "../Drivers/STM32L4xx_HAL_Driver/Src/stm32l4xx_hal_rcc_ex.c" -mcpu=cortex-m4 -std=gnu11 -g3 -DDEBUG -DUSE_HAL_DRIVER -DSTM32L4R5xx -c -I../Core/Inc -I../Drivers/STM32L4xx_HAL_Driver/Inc -I../Drivers/STM32L4xx_HAL_Driver/Inc/Legacy -I../Drivers/CMSIS/Device/ST/STM32L4xx/Include -I../Drivers/CMSIS/Include -O0 -ffunction-sections -fdata-sections -Wall -fstack-usage -fcyclomatic-complexity -MMD -MP -MF"Drivers/STM32L4xx_HAL_Driver/Src/stm32l4xx_hal_rcc_ex.d" -MT"Drivers/STM32L4xx_HAL_Driver/Src/stm32l4xx_hal_rcc_ex.o" --specs=nano.specs -mfpu=fpv4-sp-d16 -mfloat-abi=hard -mthumb -o "Drivers/STM32L4xx_HAL_Driver/Src/stm32l4xx_hal_rcc_ex.o"
arm-none-eabi-gcc "../Drivers/STM32L4xx_HAL_Driver/Src/stm32l4xx_hal_tim.c" -mcpu=cortex-m4 -std=gnu11 -g3 -DDEBUG -DUSE_HAL_DRIVER -DSTM32L4R5xx -c -I../Core/Inc -I../Drivers/STM32L4xx_HAL_Driver/Inc -I../Drivers/STM32L4xx_HAL_Driver/Inc/Legacy -I../Drivers/CMSIS/Device/ST/STM32L4xx/Include -I../Drivers/CMSIS/Include -O0 -ffunction-sections -fdata-sections -Wall -fstack-usage -fcyclomatic-complexity -MMD -MP -MF"Drivers/STM32L4xx_HAL_Driver/Src/stm32l4xx_hal_tim.d" -MT"Drivers/STM32L4xx_HAL_Driver/Src/stm32l4xx_hal_tim.o" --specs=nano.specs -mfpu=fpv4-sp-d16 -mfloat-abi=hard -mthumb -o "Drivers/STM32L4xx_HAL_Driver/Src/stm32l4xx_hal_tim.o"
arm-none-eabi-gcc "../Drivers/STM32L4xx_HAL_Driver/Src/stm32l4xx_hal_tim_ex.c" -mcpu=cortex-m4 -std=gnu11 -g3 -DDEBUG -DUSE_HAL_DRIVER -DSTM32L4R5xx -c -I../Core/Inc -I../Drivers/STM32L4xx_HAL_Driver/Inc -I../Drivers/STM32L4xx_HAL_Driver/Inc/Legacy -I../Drivers/CMSIS/Device/ST/STM32L4xx/Include -I../Drivers/CMSIS/Include -O0 -ffunction-sections -fdata-sections -Wall -fstack-usage -fcyclomatic-complexity -MMD -MP -MF"Drivers/STM32L4xx_HAL_Driver/Src/stm32l4xx_hal_tim_ex.d" -MT"Drivers/STM32L4xx_HAL_Driver/Src/stm32l4xx_hal_tim_ex.o" --specs=nano.specs -mfpu=fpv4-sp-d16 -mfloat-abi=hard -mthumb -o "Drivers/STM32L4xx_HAL_Driver/Src/stm32l4xx_hal_tim_ex.o"
arm-none-eabi-gcc "../Drivers/STM32L4xx_HAL_Driver/Src/stm32l4xx_hal_uart.c" -mcpu=cortex-m4 -std=gnu11 -g3 -DDEBUG -DUSE_HAL_DRIVER -DSTM32L4R5xx -c -I../Core/Inc -I../Drivers/STM32L4xx_HAL_Driver/Inc -I../Drivers/STM32L4xx_HAL_Driver/Inc/Legacy -I../Drivers/CMSIS/Device/ST/STM32L4xx/Include -I../Drivers/CMSIS/Include -O0 -ffunction-sections -fdata-sections -Wall -fstack-usage -fcyclomatic-complexity -MMD -MP -MF"Drivers/STM32L4xx_HAL_Driver/Src/stm32l4xx_hal_uart.d" -MT"Drivers/STM32L4xx_HAL_Driver/Src/stm32l4xx_hal_uart.o" --specs=nano.specs -mfpu=fpv4-sp-d16 -mfloat-abi=hard -mthumb -o "Drivers/STM32L4xx_HAL_Driver/Src/stm32l4xx_hal_uart.o"
arm-none-eabi-gcc "../Drivers/STM32L4xx_HAL_Driver/Src/stm32l4xx_hal_uart_ex.c" -mcpu=cortex-m4 -std=gnu11 -g3 -DDEBUG -DUSE_HAL_DRIVER -DSTM32L4R5xx -c -I../Core/Inc -I../Drivers/STM32L4xx_HAL_Driver/Inc -I../Drivers/STM32L4xx_HAL_Driver/Inc/Legacy -I../Drivers/CMSIS/Device/ST/STM32L4xx/Include -I../Drivers/CMSIS/Include -O0 -ffunction-sections -fdata-sections -Wall -fstack-usage -fcyclomatic-complexity -MMD -MP -MF"Drivers/STM32L4xx_HAL_Driver/Src/stm32l4xx_hal_uart_ex.d" -MT"Drivers/STM32L4xx_HAL_Driver/Src/stm32l4xx_hal_uart_ex.o" --specs=nano.specs -mfpu=fpv4-sp-d16 -mfloat-abi=hard -mthumb -o "Drivers/STM32L4xx_HAL_Driver/Src/stm32l4xx_hal_uart_ex.o"
arm-none-eabi-gcc "../Drivers/STM32L4xx_HAL_Driver/Src/stm32l4xx_ll_usb.c" -mcpu=cortex-m4 -std=gnu11 -g3 -DDEBUG -DUSE_HAL_DRIVER -DSTM32L4R5xx -c -I../Core/Inc -I../Drivers/STM32L4xx_HAL_Driver/Inc -I../Drivers/STM32L4xx_HAL_Driver/Inc/Legacy -I../Drivers/CMSIS/Device/ST/STM32L4xx/Include -I../Drivers/CMSIS/Include -O0 -ffunction-sections -fdata-sections -Wall -fstack-usage -fcyclomatic-complexity -MMD -MP -MF"Drivers/STM32L4xx_HAL_Driver/Src/stm32l4xx_ll_usb.d" -MT"Drivers/STM32L4xx_HAL_Driver/Src/stm32l4xx_ll_usb.o" --specs=nano.specs -mfpu=fpv4-sp-d16 -mfloat-abi=hard -mthumb -o "Drivers/STM32L4xx_HAL_Driver/Src/stm32l4xx_ll_usb.o"
arm-none-eabi-gcc -mcpu=cortex-m4 -g3 -DDEBUG -c -x assembler-with-cpp -MMD -MP -MF"Core/Startup/startup_stm32l4r5zitx.d" -MT"Core/Startup/startup_stm32l4r5zitx.o" --specs=nano.specs -mfpu=fpv4-sp-d16 -mfloat-abi=hard -mthumb -o "Core/Startup/startup_stm32l4r5zitx.o" "../Core/Startup/startup_stm32l4r5zitx.s"
arm-none-eabi-gcc "../Core/Src/main.c" -mcpu=cortex-m4 -std=gnu11 -g3 -DDEBUG -DUSE_HAL_DRIVER -DSTM32L4R5xx -c -I../Core/Inc -I../Drivers/STM32L4xx_HAL_Driver/Inc -I../Drivers/STM32L4xx_HAL_Driver/Inc/Legacy -I../Drivers/CMSIS/Device/ST/STM32L4xx/Include -I../Drivers/CMSIS/Include -O0 -ffunction-sections -fdata-sections -Wall -fstack-usage -fcyclomatic-complexity -MMD -MP -MF"Core/Src/main.d" -MT"Core/Src/main.o" --specs=nano.specs -mfpu=fpv4-sp-d16 -mfloat-abi=hard -mthumb -o "Core/Src/main.o"
arm-none-eabi-gcc "../Core/Src/stm32l4xx_hal_msp.c" -mcpu=cortex-m4 -std=gnu11 -g3 -DDEBUG -DUSE_HAL_DRIVER -DSTM32L4R5xx -c -I../Core/Inc -I../Drivers/STM32L4xx_HAL_Driver/Inc -I../Drivers/STM32L4xx_HAL_Driver/Inc/Legacy -I../Drivers/CMSIS/Device/ST/STM32L4xx/Include -I../Drivers/CMSIS/Include -O0 -ffunction-sections -fdata-sections -Wall -fstack-usage -fcyclomatic-complexity -MMD -MP -MF"Core/Src/stm32l4xx_hal_msp.d" -MT"Core/Src/stm32l4xx_hal_msp.o" --specs=nano.specs -mfpu=fpv4-sp-d16 -mfloat-abi=hard -mthumb -o "Core/Src/stm32l4xx_hal_msp.o"
arm-none-eabi-gcc "../Core/Src/stm32l4xx_it.c" -mcpu=cortex-m4 -std=gnu11 -g3 -DDEBUG -DUSE_HAL_DRIVER -DSTM32L4R5xx -c -I../Core/Inc -I../Drivers/STM32L4xx_HAL_Driver/Inc -I../Drivers/STM32L4xx_HAL_Driver/Inc/Legacy -I../Drivers/CMSIS/Device/ST/STM32L4xx/Include -I../Drivers/CMSIS/Include -O0 -ffunction-sections -fdata-sections -Wall -fstack-usage -fcyclomatic-complexity -MMD -MP -MF"Core/Src/stm32l4xx_it.d" -MT"Core/Src/stm32l4xx_it.o" --specs=nano.specs -mfpu=fpv4-sp-d16 -mfloat-abi=hard -mthumb -o "Core/Src/stm32l4xx_it.o"
arm-none-eabi-gcc "../Core/Src/syscalls.c" -mcpu=cortex-m4 -std=gnu11 -g3 -DDEBUG -DUSE_HAL_DRIVER -DSTM32L4R5xx -c -I../Core/Inc -I../Drivers/STM32L4xx_HAL_Driver/Inc -I../Drivers/STM32L4xx_HAL_Driver/Inc/Legacy -I../Drivers/CMSIS/Device/ST/STM32L4xx/Include -I../Drivers/CMSIS/Include -O0 -ffunction-sections -fdata-sections -Wall -fstack-usage -fcyclomatic-complexity -MMD -MP -MF"Core/Src/syscalls.d" -MT"Core/Src/syscalls.o" --specs=nano.specs -mfpu=fpv4-sp-d16 -mfloat-abi=hard -mthumb -o "Core/Src/syscalls.o"
arm-none-eabi-gcc "../Core/Src/sysmem.c" -mcpu=cortex-m4 -std=gnu11 -g3 -DDEBUG -DUSE_HAL_DRIVER -DSTM32L4R5xx -c -I../Core/Inc -I../Drivers/STM32L4xx_HAL_Driver/Inc -I../Drivers/STM32L4xx_HAL_Driver/Inc/Legacy -I../Drivers/CMSIS/Device/ST/STM32L4xx/Include -I../Drivers/CMSIS/Include -O0 -ffunction-sections -fdata-sections -Wall -fstack-usage -fcyclomatic-complexity -MMD -MP -MF"Core/Src/sysmem.d" -MT"Core/Src/sysmem.o" --specs=nano.specs -mfpu=fpv4-sp-d16 -mfloat-abi=hard -mthumb -o "Core/Src/sysmem.o"
arm-none-eabi-gcc "../Core/Src/system_stm32l4xx.c" -mcpu=cortex-m4 -std=gnu11 -g3 -DDEBUG -DUSE_HAL_DRIVER -DSTM32L4R5xx -c -I../Core/Inc -I../Drivers/STM32L4xx_HAL_Driver/Inc -I../Drivers/STM32L4xx_HAL_Driver/Inc/Legacy -I../Drivers/CMSIS/Device/ST/STM32L4xx/Include -I../Drivers/CMSIS/Include -O0 -ffunction-sections -fdata-sections -Wall -fstack-usage -fcyclomatic-complexity -MMD -MP -MF"Core/Src/system_stm32l4xx.d" -MT"Core/Src/system_stm32l4xx.o" --specs=nano.specs -mfpu=fpv4-sp-d16 -mfloat-abi=hard -mthumb -o "Core/Src/system_stm32l4xx.o"
arm-none-eabi-gcc -o "Submarine_Microcontroller.elf" @"objects.list"   -mcpu=cortex-m4 -T"C:\Users\dunto\Documents\sTUFF\School\Classes\Class Documents\Capstone\Submarine_Capstone\stm32_ws\submarine_stm\Submarine_MicroController\Submarine_Microcontroller\STM32L4R5ZITX_FLASH.ld" --specs=nosys.specs -Wl,-Map="Submarine_Microcontroller.map" -Wl,--gc-sections -static --specs=nano.specs -mfpu=fpv4-sp-d16 -mfloat-abi=hard -mthumb -Wl,--start-group -lc -lm -Wl,--end-group
Finished building target: Submarine_Microcontroller.elf
 
arm-none-eabi-size   Submarine_Microcontroller.elf 
arm-none-eabi-objdump -h -S  Submarine_Microcontroller.elf  > "Submarine_Microcontroller.list"
   text	   data	    bss	    dec	    hex	filename
  42948	    120	   4072	  47140	   b824	Submarine_Microcontroller.elf
Finished building: default.size.stdout
 
Finished building: Submarine_Microcontroller.list
 
02:05:22 **** Incremental Build of configuration Debug for project Submarine_Microcontroller ****
make -j8 all 
arm-none-eabi-size   Submarine_Microcontroller.elf 
   text	   data	    bss	    dec	    hex	filename
  42948	    120	   4072	  47140	   b824	Submarine_Microcontroller.elf
Finished building: default.size.stdout
 
02:10:35 **** Incremental Build of configuration Debug for project Submarine_Microcontroller ****
make -j8 all 
arm-none-eabi-gcc "../Core/Src/main.c" -mcpu=cortex-m4 -std=gnu11 -g3 -DDEBUG -DUSE_HAL_DRIVER -DSTM32L4R5xx -c -I../Core/Inc -I../Drivers/STM32L4xx_HAL_Driver/Inc -I../Drivers/STM32L4xx_HAL_Driver/Inc/Legacy -I../Drivers/CMSIS/Device/ST/STM32L4xx/Include -I../Drivers/CMSIS/Include -O0 -ffunction-sections -fdata-sections -Wall -fstack-usage -fcyclomatic-complexity -MMD -MP -MF"Core/Src/main.d" -MT"Core/Src/main.o" --specs=nano.specs -mfpu=fpv4-sp-d16 -mfloat-abi=hard -mthumb -o "Core/Src/main.o"
arm-none-eabi-gcc -o "Submarine_Microcontroller.elf" @"objects.list"   -mcpu=cortex-m4 -T"C:\Users\dunto\Documents\sTUFF\School\Classes\Class Documents\Capstone\Submarine_Capstone\stm32_ws\submarine_stm\Submarine_MicroController\Submarine_Microcontroller\STM32L4R5ZITX_FLASH.ld" --specs=nosys.specs -Wl,-Map="Submarine_Microcontroller.map" -Wl,--gc-sections -static --specs=nano.specs -mfpu=fpv4-sp-d16 -mfloat-abi=hard -mthumb -Wl,--start-group -lc -lm -Wl,--end-group
Finished building target: Submarine_Microcontroller.elf
 
arm-none-eabi-size   Submarine_Microcontroller.elf 
arm-none-eabi-objdump -h -S  Submarine_Microcontroller.elf  > "Submarine_Microcontroller.list"
   text	   data	    bss	    dec	    hex	filename
  42940	    128	   4064	  47132	   b81c	Submarine_Microcontroller.elf
Finished building: default.size.stdout
 
Finished building: Submarine_Microcontroller.list
 
02:16:07 **** Incremental Build of configuration Debug for project Submarine_Microcontroller ****
make -j8 all 
arm-none-eabi-gcc "../Core/Src/main.c" -mcpu=cortex-m4 -std=gnu11 -g3 -DDEBUG -DUSE_HAL_DRIVER -DSTM32L4R5xx -c -I../Core/Inc -I../Drivers/STM32L4xx_HAL_Driver/Inc -I../Drivers/STM32L4xx_HAL_Driver/Inc/Legacy -I../Drivers/CMSIS/Device/ST/STM32L4xx/Include -I../Drivers/CMSIS/Include -O0 -ffunction-sections -fdata-sections -Wall -fstack-usage -fcyclomatic-complexity -MMD -MP -MF"Core/Src/main.d" -MT"Core/Src/main.o" --specs=nano.specs -mfpu=fpv4-sp-d16 -mfloat-abi=hard -mthumb -o "Core/Src/main.o"
../Core/Src/main.c: In function 'main':
../Core/Src/main.c:239:15: warning: unused variable 'local_rightPropThrust' [-Wunused-variable]
  239 |         float local_rightPropThrust;
      |               ^~~~~~~~~~~~~~~~~~~~~
../Core/Src/main.c:238:15: warning: unused variable 'local_leftPropThrust' [-Wunused-variable]
  238 |         float local_leftPropThrust;
      |               ^~~~~~~~~~~~~~~~~~~~
../Core/Src/main.c:237:15: warning: unused variable 'local_backThrust' [-Wunused-variable]
  237 |         float local_backThrust;
      |               ^~~~~~~~~~~~~~~~
../Core/Src/main.c:236:15: warning: unused variable 'local_forThrust' [-Wunused-variable]
  236 |         float local_forThrust;
      |               ^~~~~~~~~~~~~~~
../Core/Src/main.c:235:15: warning: unused variable 'local_rightThrust' [-Wunused-variable]
  235 |         float local_rightThrust;
      |               ^~~~~~~~~~~~~~~~~
../Core/Src/main.c:234:15: warning: unused variable 'local_leftThrust' [-Wunused-variable]
  234 |         float local_leftThrust;
      |               ^~~~~~~~~~~~~~~~
arm-none-eabi-gcc -o "Submarine_Microcontroller.elf" @"objects.list"   -mcpu=cortex-m4 -T"C:\Users\dunto\Documents\sTUFF\School\Classes\Class Documents\Capstone\Submarine_Capstone\stm32_ws\submarine_stm\Submarine_MicroController\Submarine_Microcontroller\STM32L4R5ZITX_FLASH.ld" --specs=nosys.specs -Wl,-Map="Submarine_Microcontroller.map" -Wl,--gc-sections -static --specs=nano.specs -mfpu=fpv4-sp-d16 -mfloat-abi=hard -mthumb -Wl,--start-group -lc -lm -Wl,--end-group
Finished building target: Submarine_Microcontroller.elf
 
arm-none-eabi-size   Submarine_Microcontroller.elf 
arm-none-eabi-objdump -h -S  Submarine_Microcontroller.elf  > "Submarine_Microcontroller.list"
   text	   data	    bss	    dec	    hex	filename
  42940	    128	   4064	  47132	   b81c	Submarine_Microcontroller.elf
Finished building: default.size.stdout
 
Finished building: Submarine_Microcontroller.list
 
02:17:52 **** Incremental Build of configuration Debug for project Submarine_Microcontroller ****
make -j8 all 
arm-none-eabi-gcc "../Core/Src/main.c" -mcpu=cortex-m4 -std=gnu11 -g3 -DDEBUG -DUSE_HAL_DRIVER -DSTM32L4R5xx -c -I../Core/Inc -I../Drivers/STM32L4xx_HAL_Driver/Inc -I../Drivers/STM32L4xx_HAL_Driver/Inc/Legacy -I../Drivers/CMSIS/Device/ST/STM32L4xx/Include -I../Drivers/CMSIS/Include -O0 -ffunction-sections -fdata-sections -Wall -fstack-usage -fcyclomatic-complexity -MMD -MP -MF"Core/Src/main.d" -MT"Core/Src/main.o" --specs=nano.specs -mfpu=fpv4-sp-d16 -mfloat-abi=hard -mthumb -o "Core/Src/main.o"
../Core/Src/main.c: In function 'main':
../Core/Src/main.c:239:24: warning: unused variable 'local_rightPropThrust' [-Wunused-variable]
  239 |         volatile float local_rightPropThrust = rightPropThrust;
      |                        ^~~~~~~~~~~~~~~~~~~~~
../Core/Src/main.c:238:24: warning: unused variable 'local_leftPropThrust' [-Wunused-variable]
  238 |         volatile float local_leftPropThrust = leftPropThrust;
      |                        ^~~~~~~~~~~~~~~~~~~~
../Core/Src/main.c:237:24: warning: unused variable 'local_backThrust' [-Wunused-variable]
  237 |         volatile float local_backThrust = backThrust;
      |                        ^~~~~~~~~~~~~~~~
../Core/Src/main.c:236:24: warning: unused variable 'local_forThrust' [-Wunused-variable]
  236 |         volatile float local_forThrust = forThrust;
      |                        ^~~~~~~~~~~~~~~
../Core/Src/main.c:235:24: warning: unused variable 'local_rightThrust' [-Wunused-variable]
  235 |         volatile float local_rightThrust = rightThrust;
      |                        ^~~~~~~~~~~~~~~~~
../Core/Src/main.c:234:24: warning: unused variable 'local_leftThrust' [-Wunused-variable]
  234 |         volatile float local_leftThrust = leftThrust;
      |                        ^~~~~~~~~~~~~~~~
arm-none-eabi-gcc -o "Submarine_Microcontroller.elf" @"objects.list"   -mcpu=cortex-m4 -T"C:\Users\dunto\Documents\sTUFF\School\Classes\Class Documents\Capstone\Submarine_Capstone\stm32_ws\submarine_stm\Submarine_MicroController\Submarine_Microcontroller\STM32L4R5ZITX_FLASH.ld" --specs=nosys.specs -Wl,-Map="Submarine_Microcontroller.map" -Wl,--gc-sections -static --specs=nano.specs -mfpu=fpv4-sp-d16 -mfloat-abi=hard -mthumb -Wl,--start-group -lc -lm -Wl,--end-group
Finished building target: Submarine_Microcontroller.elf
 
arm-none-eabi-size   Submarine_Microcontroller.elf 
arm-none-eabi-objdump -h -S  Submarine_Microcontroller.elf  > "Submarine_Microcontroller.list"
   text	   data	    bss	    dec	    hex	filename
  42996	    128	   4064	  47188	   b854	Submarine_Microcontroller.elf
Finished building: default.size.stdout
 
Finished building: Submarine_Microcontroller.list
 
02:20:19 **** Incremental Build of configuration Debug for project Submarine_Microcontroller ****
make -j8 all 
arm-none-eabi-gcc "../Core/Src/main.c" -mcpu=cortex-m4 -std=gnu11 -g3 -DDEBUG -DUSE_HAL_DRIVER -DSTM32L4R5xx -c -I../Core/Inc -I../Drivers/STM32L4xx_HAL_Driver/Inc -I../Drivers/STM32L4xx_HAL_Driver/Inc/Legacy -I../Drivers/CMSIS/Device/ST/STM32L4xx/Include -I../Drivers/CMSIS/Include -O0 -ffunction-sections -fdata-sections -Wall -fstack-usage -fcyclomatic-complexity -MMD -MP -MF"Core/Src/main.d" -MT"Core/Src/main.o" --specs=nano.specs -mfpu=fpv4-sp-d16 -mfloat-abi=hard -mthumb -o "Core/Src/main.o"
../Core/Src/main.c: In function 'main':
../Core/Src/main.c:239:24: warning: variable 'local_rightPropThrust' set but not used [-Wunused-but-set-variable]
  239 |         volatile float local_rightPropThrust = rightPropThrust;
      |                        ^~~~~~~~~~~~~~~~~~~~~
../Core/Src/main.c:238:24: warning: variable 'local_leftPropThrust' set but not used [-Wunused-but-set-variable]
  238 |         volatile float local_leftPropThrust = leftPropThrust;
      |                        ^~~~~~~~~~~~~~~~~~~~
../Core/Src/main.c:237:24: warning: variable 'local_backThrust' set but not used [-Wunused-but-set-variable]
  237 |         volatile float local_backThrust = backThrust;
      |                        ^~~~~~~~~~~~~~~~
../Core/Src/main.c:236:24: warning: variable 'local_forThrust' set but not used [-Wunused-but-set-variable]
  236 |         volatile float local_forThrust = forThrust;
      |                        ^~~~~~~~~~~~~~~
../Core/Src/main.c:235:24: warning: variable 'local_rightThrust' set but not used [-Wunused-but-set-variable]
  235 |         volatile float local_rightThrust = rightThrust;
      |                        ^~~~~~~~~~~~~~~~~
../Core/Src/main.c:234:24: warning: variable 'local_leftThrust' set but not used [-Wunused-but-set-variable]
  234 |         volatile float local_leftThrust = leftThrust;
      |                        ^~~~~~~~~~~~~~~~
arm-none-eabi-gcc -o "Submarine_Microcontroller.elf" @"objects.list"   -mcpu=cortex-m4 -T"C:\Users\dunto\Documents\sTUFF\School\Classes\Class Documents\Capstone\Submarine_Capstone\stm32_ws\submarine_stm\Submarine_MicroController\Submarine_Microcontroller\STM32L4R5ZITX_FLASH.ld" --specs=nosys.specs -Wl,-Map="Submarine_Microcontroller.map" -Wl,--gc-sections -static --specs=nano.specs -mfpu=fpv4-sp-d16 -mfloat-abi=hard -mthumb -Wl,--start-group -lc -lm -Wl,--end-group
Finished building target: Submarine_Microcontroller.elf
 
arm-none-eabi-size   Submarine_Microcontroller.elf 
arm-none-eabi-objdump -h -S  Submarine_Microcontroller.elf  > "Submarine_Microcontroller.list"
   text	   data	    bss	    dec	    hex	filename
  43036	    128	   4064	  47228	   b87c	Submarine_Microcontroller.elf
Finished building: default.size.stdout
 
Finished building: Submarine_Microcontroller.list
 
02:21:52 **** Incremental Build of configuration Debug for project Submarine_Microcontroller ****
make -j8 all 
arm-none-eabi-gcc "../Core/Src/main.c" -mcpu=cortex-m4 -std=gnu11 -g3 -DDEBUG -DUSE_HAL_DRIVER -DSTM32L4R5xx -c -I../Core/Inc -I../Drivers/STM32L4xx_HAL_Driver/Inc -I../Drivers/STM32L4xx_HAL_Driver/Inc/Legacy -I../Drivers/CMSIS/Device/ST/STM32L4xx/Include -I../Drivers/CMSIS/Include -O0 -ffunction-sections -fdata-sections -Wall -fstack-usage -fcyclomatic-complexity -MMD -MP -MF"Core/Src/main.d" -MT"Core/Src/main.o" --specs=nano.specs -mfpu=fpv4-sp-d16 -mfloat-abi=hard -mthumb -o "Core/Src/main.o"
../Core/Src/main.c: In function 'main':
../Core/Src/main.c:240:13: warning: unused variable 'x' [-Wunused-variable]
  240 |         int x = 0;
      |             ^
../Core/Src/main.c:239:24: warning: variable 'local_rightPropThrust' set but not used [-Wunused-but-set-variable]
  239 |         volatile float local_rightPropThrust = rightPropThrust;
      |                        ^~~~~~~~~~~~~~~~~~~~~
../Core/Src/main.c:238:24: warning: variable 'local_leftPropThrust' set but not used [-Wunused-but-set-variable]
  238 |         volatile float local_leftPropThrust = leftPropThrust;
      |                        ^~~~~~~~~~~~~~~~~~~~
../Core/Src/main.c:237:24: warning: variable 'local_backThrust' set but not used [-Wunused-but-set-variable]
  237 |         volatile float local_backThrust = backThrust;
      |                        ^~~~~~~~~~~~~~~~
../Core/Src/main.c:236:24: warning: variable 'local_forThrust' set but not used [-Wunused-but-set-variable]
  236 |         volatile float local_forThrust = forThrust;
      |                        ^~~~~~~~~~~~~~~
../Core/Src/main.c:235:24: warning: variable 'local_rightThrust' set but not used [-Wunused-but-set-variable]
  235 |         volatile float local_rightThrust = rightThrust;
      |                        ^~~~~~~~~~~~~~~~~
../Core/Src/main.c:234:24: warning: variable 'local_leftThrust' set but not used [-Wunused-but-set-variable]
  234 |         volatile float local_leftThrust = leftThrust;
      |                        ^~~~~~~~~~~~~~~~
arm-none-eabi-gcc -o "Submarine_Microcontroller.elf" @"objects.list"   -mcpu=cortex-m4 -T"C:\Users\dunto\Documents\sTUFF\School\Classes\Class Documents\Capstone\Submarine_Capstone\stm32_ws\submarine_stm\Submarine_MicroController\Submarine_Microcontroller\STM32L4R5ZITX_FLASH.ld" --specs=nosys.specs -Wl,-Map="Submarine_Microcontroller.map" -Wl,--gc-sections -static --specs=nano.specs -mfpu=fpv4-sp-d16 -mfloat-abi=hard -mthumb -Wl,--start-group -lc -lm -Wl,--end-group
Finished building target: Submarine_Microcontroller.elf
 
arm-none-eabi-size   Submarine_Microcontroller.elf 
arm-none-eabi-objdump -h -S  Submarine_Microcontroller.elf  > "Submarine_Microcontroller.list"
   text	   data	    bss	    dec	    hex	filename
  43036	    128	   4064	  47228	   b87c	Submarine_Microcontroller.elf
Finished building: default.size.stdout
 
Finished building: Submarine_Microcontroller.list
 
02:29:26 **** Incremental Build of configuration Debug for project Submarine_Microcontroller ****
make -j8 all 
arm-none-eabi-size   Submarine_Microcontroller.elf 
   text	   data	    bss	    dec	    hex	filename
  43036	    128	   4064	  47228	   b87c	Submarine_Microcontroller.elf
Finished building: default.size.stdout
 
11:26:33 **** Incremental Build of configuration Debug for project Submarine_Microcontroller ****
make -j8 all 
arm-none-eabi-gcc "../Core/Src/main.c" -mcpu=cortex-m4 -std=gnu11 -g3 -DDEBUG -DUSE_HAL_DRIVER -DSTM32L4R5xx -c -I../Core/Inc -I../Drivers/STM32L4xx_HAL_Driver/Inc -I../Drivers/STM32L4xx_HAL_Driver/Inc/Legacy -I../Drivers/CMSIS/Device/ST/STM32L4xx/Include -I../Drivers/CMSIS/Include -O0 -ffunction-sections -fdata-sections -Wall -fstack-usage -fcyclomatic-complexity -MMD -MP -MF"Core/Src/main.d" -MT"Core/Src/main.o" --specs=nano.specs -mfpu=fpv4-sp-d16 -mfloat-abi=hard -mthumb -o "Core/Src/main.o"
arm-none-eabi-gcc -o "Submarine_Microcontroller.elf" @"objects.list"   -mcpu=cortex-m4 -T"C:\Users\dunto\Documents\sTUFF\School\Classes\Class Documents\Capstone\Submarine_Capstone\stm32_ws\submarine_stm\Submarine_MicroController\Submarine_Microcontroller\STM32L4R5ZITX_FLASH.ld" --specs=nosys.specs -Wl,-Map="Submarine_Microcontroller.map" -Wl,--gc-sections -static --specs=nano.specs -mfpu=fpv4-sp-d16 -mfloat-abi=hard -mthumb -Wl,--start-group -lc -lm -Wl,--end-group
Finished building target: Submarine_Microcontroller.elf
 
arm-none-eabi-size   Submarine_Microcontroller.elf 
arm-none-eabi-objdump -h -S  Submarine_Microcontroller.elf  > "Submarine_Microcontroller.list"
   text	   data	    bss	    dec	    hex	filename
  42940	    128	   4064	  47132	   b81c	Submarine_Microcontroller.elf
Finished building: default.size.stdout
 
Finished building: Submarine_Microcontroller.list
 
11:31:32 **** Incremental Build of configuration Debug for project Submarine_Microcontroller ****
make -j8 all 
arm-none-eabi-gcc "../Core/Src/main.c" -mcpu=cortex-m4 -std=gnu11 -g3 -DDEBUG -DUSE_HAL_DRIVER -DSTM32L4R5xx -c -I../Core/Inc -I../Drivers/STM32L4xx_HAL_Driver/Inc -I../Drivers/STM32L4xx_HAL_Driver/Inc/Legacy -I../Drivers/CMSIS/Device/ST/STM32L4xx/Include -I../Drivers/CMSIS/Include -O0 -ffunction-sections -fdata-sections -Wall -fstack-usage -fcyclomatic-complexity -MMD -MP -MF"Core/Src/main.d" -MT"Core/Src/main.o" --specs=nano.specs -mfpu=fpv4-sp-d16 -mfloat-abi=hard -mthumb -o "Core/Src/main.o"
arm-none-eabi-gcc -o "Submarine_Microcontroller.elf" @"objects.list"   -mcpu=cortex-m4 -T"C:\Users\dunto\Documents\sTUFF\School\Classes\Class Documents\Capstone\Submarine_Capstone\stm32_ws\submarine_stm\Submarine_MicroController\Submarine_Microcontroller\STM32L4R5ZITX_FLASH.ld" --specs=nosys.specs -Wl,-Map="Submarine_Microcontroller.map" -Wl,--gc-sections -static --specs=nano.specs -mfpu=fpv4-sp-d16 -mfloat-abi=hard -mthumb -Wl,--start-group -lc -lm -Wl,--end-group
Finished building target: Submarine_Microcontroller.elf
 
arm-none-eabi-size   Submarine_Microcontroller.elf 
arm-none-eabi-objdump -h -S  Submarine_Microcontroller.elf  > "Submarine_Microcontroller.list"
   text	   data	    bss	    dec	    hex	filename
  42940	    120	   4064	  47124	   b814	Submarine_Microcontroller.elf
Finished building: default.size.stdout
 
Finished building: Submarine_Microcontroller.list
 
11:35:46 **** Incremental Build of configuration Debug for project Submarine_Microcontroller ****
make -j8 all 
arm-none-eabi-gcc "../Core/Src/main.c" -mcpu=cortex-m4 -std=gnu11 -g3 -DDEBUG -DUSE_HAL_DRIVER -DSTM32L4R5xx -c -I../Core/Inc -I../Drivers/STM32L4xx_HAL_Driver/Inc -I../Drivers/STM32L4xx_HAL_Driver/Inc/Legacy -I../Drivers/CMSIS/Device/ST/STM32L4xx/Include -I../Drivers/CMSIS/Include -O0 -ffunction-sections -fdata-sections -Wall -fstack-usage -fcyclomatic-complexity -MMD -MP -MF"Core/Src/main.d" -MT"Core/Src/main.o" --specs=nano.specs -mfpu=fpv4-sp-d16 -mfloat-abi=hard -mthumb -o "Core/Src/main.o"
arm-none-eabi-gcc -o "Submarine_Microcontroller.elf" @"objects.list"   -mcpu=cortex-m4 -T"C:\Users\dunto\Documents\sTUFF\School\Classes\Class Documents\Capstone\Submarine_Capstone\stm32_ws\submarine_stm\Submarine_MicroController\Submarine_Microcontroller\STM32L4R5ZITX_FLASH.ld" --specs=nosys.specs -Wl,-Map="Submarine_Microcontroller.map" -Wl,--gc-sections -static --specs=nano.specs -mfpu=fpv4-sp-d16 -mfloat-abi=hard -mthumb -Wl,--start-group -lc -lm -Wl,--end-group
Finished building target: Submarine_Microcontroller.elf
 
arm-none-eabi-size   Submarine_Microcontroller.elf 
arm-none-eabi-objdump -h -S  Submarine_Microcontroller.elf  > "Submarine_Microcontroller.list"
   text	   data	    bss	    dec	    hex	filename
  42980	    144	   4064	  47188	   b854	Submarine_Microcontroller.elf
Finished building: default.size.stdout
 
Finished building: Submarine_Microcontroller.list
 
11:37:12 **** Incremental Build of configuration Debug for project Submarine_Microcontroller ****
make -j8 all 
arm-none-eabi-gcc "../Core/Src/main.c" -mcpu=cortex-m4 -std=gnu11 -g3 -DDEBUG -DUSE_HAL_DRIVER -DSTM32L4R5xx -c -I../Core/Inc -I../Drivers/STM32L4xx_HAL_Driver/Inc -I../Drivers/STM32L4xx_HAL_Driver/Inc/Legacy -I../Drivers/CMSIS/Device/ST/STM32L4xx/Include -I../Drivers/CMSIS/Include -O0 -ffunction-sections -fdata-sections -Wall -fstack-usage -fcyclomatic-complexity -MMD -MP -MF"Core/Src/main.d" -MT"Core/Src/main.o" --specs=nano.specs -mfpu=fpv4-sp-d16 -mfloat-abi=hard -mthumb -o "Core/Src/main.o"
arm-none-eabi-gcc -o "Submarine_Microcontroller.elf" @"objects.list"   -mcpu=cortex-m4 -T"C:\Users\dunto\Documents\sTUFF\School\Classes\Class Documents\Capstone\Submarine_Capstone\stm32_ws\submarine_stm\Submarine_MicroController\Submarine_Microcontroller\STM32L4R5ZITX_FLASH.ld" --specs=nosys.specs -Wl,-Map="Submarine_Microcontroller.map" -Wl,--gc-sections -static --specs=nano.specs -mfpu=fpv4-sp-d16 -mfloat-abi=hard -mthumb -Wl,--start-group -lc -lm -Wl,--end-group
Finished building target: Submarine_Microcontroller.elf
 
arm-none-eabi-size   Submarine_Microcontroller.elf 
arm-none-eabi-objdump -h -S  Submarine_Microcontroller.elf  > "Submarine_Microcontroller.list"
   text	   data	    bss	    dec	    hex	filename
  42988	    144	   4064	  47196	   b85c	Submarine_Microcontroller.elf
Finished building: default.size.stdout
 
Finished building: Submarine_Microcontroller.list
 
11:38:45 **** Incremental Build of configuration Debug for project Submarine_Microcontroller ****
make -j8 all 
arm-none-eabi-size   Submarine_Microcontroller.elf 
   text	   data	    bss	    dec	    hex	filename
  42988	    144	   4064	  47196	   b85c	Submarine_Microcontroller.elf
Finished building: default.size.stdout
 
11:41:19 **** Incremental Build of configuration Debug for project Submarine_Microcontroller ****
make -j8 all 
arm-none-eabi-size   Submarine_Microcontroller.elf 
   text	   data	    bss	    dec	    hex	filename
  42988	    144	   4064	  47196	   b85c	Submarine_Microcontroller.elf
Finished building: default.size.stdout
 
11:43:29 **** Incremental Build of configuration Debug for project Submarine_Microcontroller ****
make -j8 all 
arm-none-eabi-gcc "../Core/Src/main.c" -mcpu=cortex-m4 -std=gnu11 -g3 -DDEBUG -DUSE_HAL_DRIVER -DSTM32L4R5xx -c -I../Core/Inc -I../Drivers/STM32L4xx_HAL_Driver/Inc -I../Drivers/STM32L4xx_HAL_Driver/Inc/Legacy -I../Drivers/CMSIS/Device/ST/STM32L4xx/Include -I../Drivers/CMSIS/Include -O0 -ffunction-sections -fdata-sections -Wall -fstack-usage -fcyclomatic-complexity -MMD -MP -MF"Core/Src/main.d" -MT"Core/Src/main.o" --specs=nano.specs -mfpu=fpv4-sp-d16 -mfloat-abi=hard -mthumb -o "Core/Src/main.o"
arm-none-eabi-gcc -o "Submarine_Microcontroller.elf" @"objects.list"   -mcpu=cortex-m4 -T"C:\Users\dunto\Documents\sTUFF\School\Classes\Class Documents\Capstone\Submarine_Capstone\stm32_ws\submarine_stm\Submarine_MicroController\Submarine_Microcontroller\STM32L4R5ZITX_FLASH.ld" --specs=nosys.specs -Wl,-Map="Submarine_Microcontroller.map" -Wl,--gc-sections -static --specs=nano.specs -mfpu=fpv4-sp-d16 -mfloat-abi=hard -mthumb -Wl,--start-group -lc -lm -Wl,--end-group
Finished building target: Submarine_Microcontroller.elf
 
arm-none-eabi-size   Submarine_Microcontroller.elf 
arm-none-eabi-objdump -h -S  Submarine_Microcontroller.elf  > "Submarine_Microcontroller.list"
   text	   data	    bss	    dec	    hex	filename
  42988	    144	   4064	  47196	   b85c	Submarine_Microcontroller.elf
Finished building: default.size.stdout
 
Finished building: Submarine_Microcontroller.list
 
11:46:02 **** Incremental Build of configuration Debug for project Submarine_Microcontroller ****
make -j8 all 
arm-none-eabi-size   Submarine_Microcontroller.elf 
   text	   data	    bss	    dec	    hex	filename
  42988	    144	   4064	  47196	   b85c	Submarine_Microcontroller.elf
Finished building: default.size.stdout
 
11:47:46 **** Incremental Build of configuration Debug for project Submarine_Microcontroller ****
make -j8 all 
arm-none-eabi-gcc "../Core/Src/main.c" -mcpu=cortex-m4 -std=gnu11 -g3 -DDEBUG -DUSE_HAL_DRIVER -DSTM32L4R5xx -c -I../Core/Inc -I../Drivers/STM32L4xx_HAL_Driver/Inc -I../Drivers/STM32L4xx_HAL_Driver/Inc/Legacy -I../Drivers/CMSIS/Device/ST/STM32L4xx/Include -I../Drivers/CMSIS/Include -O0 -ffunction-sections -fdata-sections -Wall -fstack-usage -fcyclomatic-complexity -MMD -MP -MF"Core/Src/main.d" -MT"Core/Src/main.o" --specs=nano.specs -mfpu=fpv4-sp-d16 -mfloat-abi=hard -mthumb -o "Core/Src/main.o"
arm-none-eabi-gcc -o "Submarine_Microcontroller.elf" @"objects.list"   -mcpu=cortex-m4 -T"C:\Users\dunto\Documents\sTUFF\School\Classes\Class Documents\Capstone\Submarine_Capstone\stm32_ws\submarine_stm\Submarine_MicroController\Submarine_Microcontroller\STM32L4R5ZITX_FLASH.ld" --specs=nosys.specs -Wl,-Map="Submarine_Microcontroller.map" -Wl,--gc-sections -static --specs=nano.specs -mfpu=fpv4-sp-d16 -mfloat-abi=hard -mthumb -Wl,--start-group -lc -lm -Wl,--end-group
Finished building target: Submarine_Microcontroller.elf
 
arm-none-eabi-size   Submarine_Microcontroller.elf 
arm-none-eabi-objdump -h -S  Submarine_Microcontroller.elf  > "Submarine_Microcontroller.list"
   text	   data	    bss	    dec	    hex	filename
  42988	    144	   4064	  47196	   b85c	Submarine_Microcontroller.elf
Finished building: default.size.stdout
 
Finished building: Submarine_Microcontroller.list
 
11:49:24 **** Incremental Build of configuration Debug for project Submarine_Microcontroller ****
make -j8 all 
arm-none-eabi-gcc "../Core/Src/main.c" -mcpu=cortex-m4 -std=gnu11 -g3 -DDEBUG -DUSE_HAL_DRIVER -DSTM32L4R5xx -c -I../Core/Inc -I../Drivers/STM32L4xx_HAL_Driver/Inc -I../Drivers/STM32L4xx_HAL_Driver/Inc/Legacy -I../Drivers/CMSIS/Device/ST/STM32L4xx/Include -I../Drivers/CMSIS/Include -O0 -ffunction-sections -fdata-sections -Wall -fstack-usage -fcyclomatic-complexity -MMD -MP -MF"Core/Src/main.d" -MT"Core/Src/main.o" --specs=nano.specs -mfpu=fpv4-sp-d16 -mfloat-abi=hard -mthumb -o "Core/Src/main.o"
arm-none-eabi-gcc -o "Submarine_Microcontroller.elf" @"objects.list"   -mcpu=cortex-m4 -T"C:\Users\dunto\Documents\sTUFF\School\Classes\Class Documents\Capstone\Submarine_Capstone\stm32_ws\submarine_stm\Submarine_MicroController\Submarine_Microcontroller\STM32L4R5ZITX_FLASH.ld" --specs=nosys.specs -Wl,-Map="Submarine_Microcontroller.map" -Wl,--gc-sections -static --specs=nano.specs -mfpu=fpv4-sp-d16 -mfloat-abi=hard -mthumb -Wl,--start-group -lc -lm -Wl,--end-group
Finished building target: Submarine_Microcontroller.elf
 
arm-none-eabi-size   Submarine_Microcontroller.elf 
arm-none-eabi-objdump -h -S  Submarine_Microcontroller.elf  > "Submarine_Microcontroller.list"
   text	   data	    bss	    dec	    hex	filename
  42996	    144	   4064	  47204	   b864	Submarine_Microcontroller.elf
Finished building: default.size.stdout
 
Finished building: Submarine_Microcontroller.list
 
11:51:52 **** Incremental Build of configuration Debug for project Submarine_Microcontroller ****
make -j8 all 
arm-none-eabi-size   Submarine_Microcontroller.elf 
   text	   data	    bss	    dec	    hex	filename
  42996	    144	   4064	  47204	   b864	Submarine_Microcontroller.elf
Finished building: default.size.stdout
 
11:56:26 **** Incremental Build of configuration Debug for project Submarine_Microcontroller ****
make -j8 all 
arm-none-eabi-size   Submarine_Microcontroller.elf 
   text	   data	    bss	    dec	    hex	filename
  42996	    144	   4064	  47204	   b864	Submarine_Microcontroller.elf
Finished building: default.size.stdout
 
11:57:32 **** Incremental Build of configuration Debug for project Submarine_Microcontroller ****
make -j8 all 
arm-none-eabi-size   Submarine_Microcontroller.elf 
   text	   data	    bss	    dec	    hex	filename
  42996	    144	   4064	  47204	   b864	Submarine_Microcontroller.elf
Finished building: default.size.stdout
 
12:01:52 **** Incremental Build of configuration Debug for project Submarine_Microcontroller ****
make -j8 all 
arm-none-eabi-gcc "../Core/Src/main.c" -mcpu=cortex-m4 -std=gnu11 -g3 -DDEBUG -DUSE_HAL_DRIVER -DSTM32L4R5xx -c -I../Core/Inc -I../Drivers/STM32L4xx_HAL_Driver/Inc -I../Drivers/STM32L4xx_HAL_Driver/Inc/Legacy -I../Drivers/CMSIS/Device/ST/STM32L4xx/Include -I../Drivers/CMSIS/Include -O0 -ffunction-sections -fdata-sections -Wall -fstack-usage -fcyclomatic-complexity -MMD -MP -MF"Core/Src/main.d" -MT"Core/Src/main.o" --specs=nano.specs -mfpu=fpv4-sp-d16 -mfloat-abi=hard -mthumb -o "Core/Src/main.o"
arm-none-eabi-gcc -o "Submarine_Microcontroller.elf" @"objects.list"   -mcpu=cortex-m4 -T"C:\Users\dunto\Documents\sTUFF\School\Classes\Class Documents\Capstone\Submarine_Capstone\stm32_ws\submarine_stm\Submarine_MicroController\Submarine_Microcontroller\STM32L4R5ZITX_FLASH.ld" --specs=nosys.specs -Wl,-Map="Submarine_Microcontroller.map" -Wl,--gc-sections -static --specs=nano.specs -mfpu=fpv4-sp-d16 -mfloat-abi=hard -mthumb -Wl,--start-group -lc -lm -Wl,--end-group
Finished building target: Submarine_Microcontroller.elf
 
arm-none-eabi-size   Submarine_Microcontroller.elf 
arm-none-eabi-objdump -h -S  Submarine_Microcontroller.elf  > "Submarine_Microcontroller.list"
   text	   data	    bss	    dec	    hex	filename
  42996	    144	   4064	  47204	   b864	Submarine_Microcontroller.elf
Finished building: default.size.stdout
 
Finished building: Submarine_Microcontroller.list
 
12:05:00 **** Incremental Build of configuration Debug for project Submarine_Microcontroller ****
make -j8 all 
arm-none-eabi-size   Submarine_Microcontroller.elf 
   text	   data	    bss	    dec	    hex	filename
  42996	    144	   4064	  47204	   b864	Submarine_Microcontroller.elf
Finished building: default.size.stdout
 
12:05:22 **** Incremental Build of configuration Debug for project Submarine_Microcontroller ****
make -j8 all 
arm-none-eabi-size   Submarine_Microcontroller.elf 
   text	   data	    bss	    dec	    hex	filename
  42996	    144	   4064	  47204	   b864	Submarine_Microcontroller.elf
Finished building: default.size.stdout
 
12:07:11 **** Incremental Build of configuration Debug for project Submarine_Microcontroller ****
make -j8 all 
arm-none-eabi-size   Submarine_Microcontroller.elf 
   text	   data	    bss	    dec	    hex	filename
  42996	    144	   4064	  47204	   b864	Submarine_Microcontroller.elf
Finished building: default.size.stdout
 
