../Core/Src/main.c:85:6:ADC_Select_CH1	32	static
../Core/Src/main.c:98:6:ADC_Select_CH2	32	static
../Core/Src/main.c:111:6:ADC_Select_CH3	32	static
../Core/Src/main.c:124:6:ADC_Select_CH4	32	static
../Core/Src/main.c:137:6:configure_channel	40	static
../Core/Src/main.c:150:9:adc_fetch_sample	16	static
../Core/Src/main.c:205:5:main	32	static
../Core/Src/main.c:346:6:SystemClock_Config	96	static
../Core/Src/main.c:396:13:MX_ADC1_Init	32	static
../Core/Src/main.c:482:13:MX_USART2_UART_Init	8	static
../Core/Src/main.c:515:13:MX_DMA_Init	16	static
../Core/Src/main.c:533:13:MX_GPIO_Init	48	static
../Core/Src/main.c:594:6:HAL_ADC_ConvHalfCpltCallback	16	static
../Core/Src/main.c:600:6:HAL_ADC_COnvCpltCallback	16	static
../Core/Src/main.c:611:6:Error_Handler	4	static,ignoring_inline_asm
